[2026-09-17 20:26:00] [INFO] [feature_engineering]: Initializing multi-phase extraction pipeline on matrix shape: (4, 4)
[2026-09-17 20:26:00] [INFO] [feature_engineering]: Applying clinical safety-bound outlier clipping...
[2026-09-17 20:26:00] [INFO] [feature_engineering]: Aggregating baseline chronological matrices...
[2026-09-17 20:26:01] [INFO] [feature_engineering]: Executing vectorized timeline trajectory comparisons...
[2026-09-17 20:26:01] [INFO] [feature_engineering]: Assembling structured missingness indicator matrix layers...
[2026-09-17 20:26:01] [INFO] [feature_engineering]: Calculating advanced clinical metric indexes...
[2026-09-17 20:26:01] [INFO] [feature_engineering]: Advanced clinical feature construction sequence finalized successfully.
[2026-09-17 20:27:45] [ERROR] [streamlit_client_app]: API connection failed: HTTPConnectionPool(host='127.0.0.1', port=8000): Max retries exceeded with url: /docs (Caused by ConnectTimeoutError(<urllib3.connection.HTTPConnection object at 0x0000021AFC664EC0>, 'Connection to 127.0.0.1 timed out. (connect timeout=2.0)'))
[2026-09-17 20:30:29] [ERROR] [data_pipeline]: Target data directory context path not found: C:\Users\hp\OneDrive\Desktop\Prediction\icu-mortality-prediction\data\raw\set-a
[2026-09-17 20:30:32] [ERROR] [utils_infra]: Requested production artifact file is missing from target path structure: C:\Users\hp\OneDrive\Desktop\Prediction\icu-mortality-prediction\models\hybrid_ensemble_core.joblib
[2026-09-17 20:31:42] [INFO] [feature_engineering]: Initializing multi-phase extraction pipeline on matrix shape: (4, 4)
[2026-09-17 20:31:42] [INFO] [feature_engineering]: Applying clinical safety-bound outlier clipping...
[2026-09-17 20:31:42] [INFO] [feature_engineering]: Aggregating baseline chronological matrices...
[2026-09-17 20:31:43] [INFO] [feature_engineering]: Executing vectorized timeline trajectory comparisons...
[2026-09-17 20:31:43] [INFO] [feature_engineering]: Assembling structured missingness indicator matrix layers...
[2026-09-17 20:31:43] [INFO] [feature_engineering]: Calculating advanced clinical metric indexes...
[2026-09-17 20:31:43] [INFO] [feature_engineering]: Advanced clinical feature construction sequence finalized successfully.
[2026-09-17 20:34:06] [INFO] [feature_engineering]: Initializing multi-phase extraction pipeline on matrix shape: (4, 4)
[2026-09-17 20:34:06] [INFO] [feature_engineering]: Applying clinical safety-bound outlier clipping...
[2026-09-17 20:34:06] [INFO] [feature_engineering]: Aggregating baseline chronological matrices...
[2026-09-17 20:34:06] [INFO] [feature_engineering]: Executing vectorized timeline trajectory comparisons...
[2026-09-17 20:34:06] [INFO] [feature_engineering]: Assembling structured missingness indicator matrix layers...
[2026-09-17 20:34:06] [INFO] [feature_engineering]: Calculating advanced clinical metric indexes...
[2026-09-17 20:34:06] [INFO] [feature_engineering]: Advanced clinical feature construction sequence finalized successfully.
[2026-09-17 21:15:38] [INFO] [feature_engineering]: Initializing multi-phase extraction pipeline on matrix shape: (4, 4)
[2026-09-17 21:15:38] [INFO] [feature_engineering]: Applying clinical safety-bound outlier clipping...
[2026-09-17 21:15:38] [INFO] [feature_engineering]: Aggregating baseline chronological matrices...
[2026-09-17 21:15:38] [INFO] [feature_engineering]: Executing vectorized timeline trajectory comparisons...
[2026-09-17 21:15:38] [INFO] [feature_engineering]: Assembling structured missingness indicator matrix layers...
[2026-09-17 21:15:38] [INFO] [feature_engineering]: Calculating advanced clinical metric indexes...
[2026-09-17 21:15:38] [INFO] [feature_engineering]: Advanced clinical feature construction sequence finalized successfully.
[2026-09-17 21:18:34] [INFO] [feature_engineering]: Initializing multi-phase extraction pipeline on matrix shape: (4, 4)
[2026-09-17 21:18:34] [INFO] [feature_engineering]: Applying clinical safety-bound outlier clipping...
[2026-09-17 21:18:34] [INFO] [feature_engineering]: Aggregating baseline chronological matrices...
[2026-09-17 21:18:34] [INFO] [feature_engineering]: Executing vectorized timeline trajectory comparisons...
[2026-09-17 21:18:34] [INFO] [feature_engineering]: Assembling structured missingness indicator matrix layers...
[2026-09-17 21:18:34] [INFO] [feature_engineering]: Calculating advanced clinical metric indexes...
[2026-09-17 21:18:34] [INFO] [feature_engineering]: Advanced clinical feature construction sequence finalized successfully.
[2026-09-17 21:24:22] [INFO] [feature_engineering]: Initializing multi-phase extraction pipeline on matrix shape: (4, 4)
[2026-09-17 21:24:22] [INFO] [feature_engineering]: Applying clinical safety-bound outlier clipping...
[2026-09-17 21:24:23] [INFO] [feature_engineering]: Aggregating baseline chronological matrices...
[2026-09-17 21:24:23] [INFO] [feature_engineering]: Executing vectorized timeline trajectory comparisons...
[2026-09-17 21:24:23] [INFO] [feature_engineering]: Assembling structured missingness indicator matrix layers...
[2026-09-17 21:24:23] [INFO] [feature_engineering]: Calculating advanced clinical metric indexes...
[2026-09-17 21:24:23] [INFO] [feature_engineering]: Advanced clinical feature construction sequence finalized successfully.
[2026-09-17 21:25:41] [INFO] [feature_engineering]: Initializing multi-phase extraction pipeline on matrix shape: (4, 4)
[2026-09-17 21:25:41] [INFO] [feature_engineering]: Applying clinical safety-bound outlier clipping...
[2026-09-17 21:25:41] [INFO] [feature_engineering]: Aggregating baseline chronological matrices...
[2026-09-17 21:25:41] [INFO] [feature_engineering]: Executing vectorized timeline trajectory comparisons...
[2026-09-17 21:25:41] [INFO] [feature_engineering]: Assembling structured missingness indicator matrix layers...
[2026-09-17 21:25:41] [INFO] [feature_engineering]: Calculating advanced clinical metric indexes...
[2026-09-17 21:25:41] [INFO] [feature_engineering]: Advanced clinical feature construction sequence finalized successfully.
[2026-09-17 21:27:08] [INFO] [feature_engineering]: Initializing multi-phase extraction pipeline on matrix shape: (4, 4)
[2026-09-17 21:27:08] [INFO] [feature_engineering]: Applying clinical safety-bound outlier clipping...
[2026-09-17 21:27:08] [INFO] [feature_engineering]: Aggregating baseline chronological matrices...
[2026-09-17 21:27:08] [INFO] [feature_engineering]: Executing vectorized timeline trajectory comparisons...
[2026-09-17 21:27:08] [INFO] [feature_engineering]: Assembling structured missingness indicator matrix layers...
[2026-09-17 21:27:08] [INFO] [feature_engineering]: Calculating advanced clinical metric indexes...
[2026-09-17 21:27:08] [INFO] [feature_engineering]: Advanced clinical feature construction sequence finalized successfully.
